// Jest Snapshot v1, https://goo.gl/fbAQLP

exports[`array field should render correctly 1`] = `

<div class="formatic">
  <div class="optional">
    <div class>
      <span class="required-label not-required-text">
      </span>
    </div>
    <span>
    </span>
    <fieldset class>
      <div class="optional">
        <div class>
          <label for="array-1"
                 id="array-1_label"
          >
            Array
          </label>
          <span class="required-label not-required-text">
          </span>
        </div>
        <span>
        </span>
        <div class
             tabindex="0"
        >
          <div class>
            <button class
                    tabindex="0"
            >
              +
            </button>
          </div>
        </div>
      </div>
      <div class="required">
        <div class>
          <label for="array-robots"
                 id="array-robots_label"
          >
            Robots (R)
          </label>
          <span class="required-label required-text">
          </span>
        </div>
        <span>
        </span>
        <div class
             tabindex="0"
        >
          <div class>
            <select class
                    id="array-robots"
            >
              <option value="0">
                Simple
              </option>
              <option value="1">
                Complex
              </option>
            </select>
            <button class
                    tabindex="0"
            >
              +
            </button>
          </div>
        </div>
      </div>
      <div class="optional">
        <div class>
          <label for="array-pretty"
                 id="array-pretty_label"
          >
            Listing Pretty Text
          </label>
          <span class="required-label not-required-text">
          </span>
        </div>
        <span>
        </span>
        <div class
             tabindex="0"
        >
          <div class>
            <button class
                    tabindex="0"
            >
              +
            </button>
          </div>
        </div>
      </div>
    </fieldset>
  </div>
</div>

`;
