// Jest Snapshot v1, https://goo.gl/fbAQLP

exports[`assoc-list field should render correctly 1`] = `

<div class="formatic">
  <div class="optional">
    <div class>
      <span class="required-label not-required-text">
      </span>
    </div>
    <span>
    </span>
    <fieldset class>
      <div class="optional">
        <div class>
          <label for="assoc-list-1"
                 id="assoc-list-1_label"
          >
            Associative List
          </label>
          <span class="required-label not-required-text">
          </span>
        </div>
        <span>
        </span>
        <div class>
          <div class>
            <input aria-label="key_0"
                   class="validation-error-duplicate-key"
                   type="text"
                   value
            >
            <div class>
              <input aria-label="value_0"
                     class
                     id="assoc-list-1_0"
                     tabindex="0"
                     type="text"
                     value
              >
            </div>
            <div class>
              <button class
                      tabindex="0"
              >
                -
              </button>
            </div>
          </div>
          <div class>
            <input aria-label="key_1"
                   class="validation-error-duplicate-key"
                   type="text"
                   value
            >
            <div class>
              <input aria-label="value_1"
                     class
                     id="assoc-list-1_1"
                     tabindex="0"
                     type="text"
                     value
              >
            </div>
            <div class>
              <button class
                      tabindex="0"
              >
                -
              </button>
            </div>
          </div>
          <div class>
            <button class
                    tabindex="0"
            >
              +
            </button>
          </div>
        </div>
      </div>
    </fieldset>
  </div>
</div>

`;
