// Jest Snapshot v1, https://goo.gl/fbAQLP

exports[`checkbox-array field should render correctly 1`] = `

<div class="formatic">
  <div class="optional">
    <div class>
      <span class="required-label not-required-text">
      </span>
    </div>
    <span>
    </span>
    <fieldset class>
      <div class="optional">
        <div class>
          <label for="checkbox-array-1"
                 id="checkbox-array-1_label"
          >
            Colors
          </label>
          <span class="required-label not-required-text">
          </span>
        </div>
        <span>
        </span>
        <div aria-labelledby="checkbox-array-1_label"
             class
             role="group"
        >
          <span class="field-choice">
            <span style="white-space: nowrap;">
              <input aria-labelledby="checkbox-array-1_label"
                     id="choice_0_checkbox-array-1"
                     name="colors"
                     type="checkbox"
                     value="red"
              >
              <span>
              </span>
              <label class="field-choice-label"
                     for="choice_0_checkbox-array-1"
              >
                Red
              </label>
            </span>
          </span>
          <span class="field-choice">
            <span style="white-space: nowrap;">
              <input aria-labelledby="checkbox-array-1_label"
                     id="choice_1_checkbox-array-1"
                     name="colors"
                     type="checkbox"
                     value="green"
                     checked
              >
              <span>
              </span>
              <label class="field-choice-label"
                     for="choice_1_checkbox-array-1"
              >
                Green
              </label>
            </span>
          </span>
          <span class="field-choice">
            <span style="white-space: nowrap;">
              <input aria-labelledby="checkbox-array-1_label"
                     id="choice_2_checkbox-array-1"
                     name="colors"
                     type="checkbox"
                     value="blue"
              >
              <span>
              </span>
              <label class="field-choice-label"
                     for="choice_2_checkbox-array-1"
              >
                Blue
              </label>
            </span>
          </span>
        </div>
      </div>
      <div class="optional readonly">
        <div class>
          <label for="checkbox-array-2"
                 id="checkbox-array-2_label"
          >
            Readonly Colors
          </label>
          <span class="required-label not-required-text">
          </span>
        </div>
        <span>
        </span>
        <div aria-labelledby="checkbox-array-2_label"
             class
             role="group"
        >
          <span class="field-choice">
            <span style="white-space: nowrap;">
              <input aria-labelledby="checkbox-array-2_label"
                     disabled
                     id="choice_0_checkbox-array-2"
                     name="readonly-colors"
                     type="checkbox"
                     value="red"
              >
              <span>
              </span>
              <label class="field-choice-label"
                     for="choice_0_checkbox-array-2"
              >
                Red
              </label>
            </span>
          </span>
          <span class="field-choice">
            <span style="white-space: nowrap;">
              <input aria-labelledby="checkbox-array-2_label"
                     disabled
                     id="choice_1_checkbox-array-2"
                     name="readonly-colors"
                     type="checkbox"
                     value="green"
                     checked
              >
              <span>
              </span>
              <label class="field-choice-label"
                     for="choice_1_checkbox-array-2"
              >
                Green
              </label>
            </span>
          </span>
          <span class="field-choice">
            <span style="white-space: nowrap;">
              <input aria-labelledby="checkbox-array-2_label"
                     disabled
                     id="choice_2_checkbox-array-2"
                     name="readonly-colors"
                     type="checkbox"
                     value="blue"
              >
              <span>
              </span>
              <label class="field-choice-label"
                     for="choice_2_checkbox-array-2"
              >
                Blue
              </label>
            </span>
          </span>
        </div>
      </div>
      <div class="optional">
        <div class>
          <label for="checkbox-array-3"
                 id="checkbox-array-3_label"
          >
            Colors
          </label>
          <span class="required-label not-required-text">
          </span>
        </div>
        <span>
        </span>
        <div aria-labelledby="checkbox-array-3_label"
             class
             role="group"
        >
          <span class="field-choice">
            <span style="white-space: nowrap;">
              <input aria-labelledby="checkbox-array-3_label"
                     id="choice_0_checkbox-array-3"
                     name="colors-alt"
                     type="checkbox"
                     value="blue"
              >
              <span>
              </span>
              <label class="field-choice-label"
                     for="choice_0_checkbox-array-3"
              >
                Blue
              </label>
            </span>
          </span>
          <span class="field-choice">
            <span style="white-space: nowrap;">
              <input aria-labelledby="checkbox-array-3_label"
                     id="choice_1_checkbox-array-3"
                     name="colors-alt"
                     type="checkbox"
                     value="yellow"
              >
              <span>
              </span>
              <label class="field-choice-label"
                     for="choice_1_checkbox-array-3"
              >
                Yellow
              </label>
            </span>
          </span>
          <span class="field-choice">
            <span style="white-space: nowrap;">
              <input aria-labelledby="checkbox-array-3_label"
                     id="choice_2_checkbox-array-3"
                     name="colors-alt"
                     type="checkbox"
                     value="purple"
              >
              <span>
              </span>
              <label class="field-choice-label"
                     for="choice_2_checkbox-array-3"
              >
                Purple
              </label>
            </span>
          </span>
        </div>
      </div>
    </fieldset>
  </div>
</div>

`;
