// Jest Snapshot v1, https://goo.gl/fbAQLP

exports[`json field should render correctly 1`] = `

<div class="formatic">
  <div class="optional">
    <div class>
      <span class="required-label not-required-text">
      </span>
    </div>
    <span>
    </span>
    <fieldset class>
      <div class="optional">
        <div class>
          <label for="json-1"
                 id="json-1_label"
          >
            The Blob
          </label>
          <span class="required-label not-required-text">
          </span>
        </div>
        <span>
        </span>
        <textarea class
                  id="json-1"
                  rows="5"
        >
          {}
        </textarea>
      </div>
    </fieldset>
  </div>
</div>

`;
