// Jest Snapshot v1, https://goo.gl/fbAQLP

exports[`object field should render correctly 1`] = `

<div class="formatic">
  <div class="optional">
    <div class>
      <span class="required-label not-required-text">
      </span>
    </div>
    <span>
    </span>
    <fieldset class>
      <div class="optional">
        <div class>
          <label for="object-1"
                 id="object-1_label"
          >
            Mapping Pretty Text
          </label>
          <span class="required-label not-required-text">
          </span>
        </div>
        <span>
        </span>
        <div class>
          <div class>
            <input aria-label="key_0"
                   class
                   type="text"
                   value="key1"
            >
            <div class>
              <div class="pretty-text-wrapper"
                   role="presentation"
              >
                <div aria-label="value_0"
                     class="pretty-text-click-wrapper"
                     role="textbox"
                     tabindex="0"
                >
                  <div class="pretty-text-box"
                       role="presentation"
                       tabindex="0"
                  >
                    <div class="internal-text-wrapper">
                      <span>
                        <span>
                          value1
                        </span>
                      </span>
                    </div>
                  </div>
                </div>
                <a class
                   href="JavaScript:"
                >
                  Insert...
                </a>
              </div>
            </div>
            <div class>
              <button class
                      tabindex="0"
              >
                -
              </button>
            </div>
          </div>
          <div class>
            <input aria-label="key_1"
                   class
                   type="text"
                   value="key2"
            >
            <div class>
              <div class="pretty-text-wrapper"
                   role="presentation"
              >
                <div aria-label="value_1"
                     class="pretty-text-click-wrapper"
                     role="textbox"
                     tabindex="0"
                >
                  <div class="pretty-text-box"
                       role="presentation"
                       tabindex="0"
                  >
                    <div class="internal-text-wrapper">
                      <span>
                        <span>
                          value2
                        </span>
                      </span>
                    </div>
                  </div>
                </div>
                <a class
                   href="JavaScript:"
                >
                  Insert...
                </a>
              </div>
            </div>
            <div class>
              <button class
                      tabindex="0"
              >
                -
              </button>
            </div>
          </div>
          <div class>
            <button class
                    tabindex="0"
            >
              +
            </button>
          </div>
        </div>
      </div>
      <div class="optional">
        <div class>
          <label for="object-2"
                 id="object-2_label"
          >
            Dictionary
          </label>
          <span class="required-label not-required-text">
          </span>
        </div>
        <span>
        </span>
        <div class>
          <div class>
            <input aria-label="key_0"
                   class
                   type="text"
                   value="key1"
            >
            <div class>
              <input aria-label="value_0"
                     class
                     id="object-2_0"
                     tabindex="0"
                     type="text"
                     value="key1"
              >
            </div>
            <div class>
              <button class
                      tabindex="0"
              >
                -
              </button>
            </div>
          </div>
          <div class>
            <input aria-label="key_1"
                   class
                   type="text"
                   value="key2"
            >
            <div class>
              <input aria-label="value_1"
                     class
                     id="object-2_1"
                     tabindex="0"
                     type="text"
                     value="key2"
              >
            </div>
            <div class>
              <button class
                      tabindex="0"
              >
                -
              </button>
            </div>
          </div>
          <div class>
            <button class
                    tabindex="0"
            >
              +
            </button>
          </div>
        </div>
      </div>
    </fieldset>
  </div>
</div>

`;
