// Jest Snapshot v1, https://goo.gl/fbAQLP

exports[`pretty-boolean field should render correctly 1`] = `

<div class="formatic">
  <div class="optional">
    <div class>
      <span class="required-label not-required-text">
      </span>
    </div>
    <span>
    </span>
    <fieldset class>
      <div class="optional">
        <div class>
          <label for="pretty-boolean-1"
                 id="pretty-boolean-1_label"
          >
            Do you like pretty cookies with sprinkles?
          </label>
          <span class="required-label not-required-text">
          </span>
        </div>
        <span>
        </span>
        <div class
             role="listbox"
             tabindex="0"
        >
          <div>
            <div class="pretty-text-wrapper"
                 id="pretty-boolean-1"
                 role="presentation"
            >
              <div class="pretty-text-click-wrapper"
                   role="textbox"
                   tabindex="0"
              >
                <div class="pretty-text-box"
                     role="presentation"
                >
                  <div class="internal-text-wrapper">
                    <span>
                      <span>
                        no
                      </span>
                    </span>
                  </div>
                </div>
              </div>
            </div>
            <span class="select-arrow">
            </span>
          </div>
          <span>
          </span>
        </div>
      </div>
    </fieldset>
  </div>
</div>

`;
