// Jest Snapshot v1, https://goo.gl/fbAQLP

exports[`select field should render correctly 1`] = `

<div class="formatic">
  <div class="optional">
    <div class>
      <span class="required-label not-required-text">
      </span>
    </div>
    <span>
    </span>
    <fieldset class>
      <div class="optional">
        <div class>
          <label for="select-1"
                 id="select-1_label"
          >
            Mood
          </label>
          <span class="required-label not-required-text">
          </span>
        </div>
        <span>
        </span>
        <select class
                id="select-1"
        >
          <option value="value:">
          </option>
          <option value="choice:0">
            Happy
          </option>
          <option value="choice:1">
            Sad
          </option>
        </select>
      </div>
    </fieldset>
  </div>
</div>

`;
