// Jest Snapshot v1, https://goo.gl/fbAQLP

exports[`single-line-string field should render correctly 1`] = `

<div class="formatic">
  <div class="optional">
    <div class>
      <span class="required-label not-required-text">
      </span>
    </div>
    <span>
    </span>
    <fieldset class>
      <div class="optional">
        <div class>
          <label for="single-line-string-1"
                 id="single-line-string-1_label"
          >
            single line string
          </label>
          <span class="required-label not-required-text">
          </span>
        </div>
        <div class>
          help for the single line string field
        </div>
        <input autocomplete="on"
               class
               id="single-line-string-1"
               placeholder="type something..."
               tabindex="0"
               type="text"
               value
        >
      </div>
      <div class="required">
        <div class>
          <label for="single-line-string-2"
                 id="single-line-string-2_label"
          >
            Name (R)
          </label>
          <span class="required-label required-text">
          </span>
        </div>
        <div class>
          help for the required name field
        </div>
        <input class
               id="single-line-string-2"
               tabindex="0"
               type="text"
               value="Unknown"
        >
      </div>
      <div class="optional readonly">
        <div class>
          <label for="single-line-string-3"
                 id="single-line-string-3_label"
          >
            Readonly Name
          </label>
          <span class="required-label not-required-text">
          </span>
        </div>
        <span>
        </span>
        <input class
               id="single-line-string-3"
               readonly
               tabindex="-1"
               type="text"
               value="Bob"
        >
      </div>
      <div class="optional">
        <div class>
          <label for="single-line-string-4"
                 id="single-line-string-4_label"
          >
            Disabled Name
          </label>
          <span class="required-label not-required-text">
          </span>
        </div>
        <span>
        </span>
        <input class
               disabled
               id="single-line-string-4"
               tabindex="0"
               type="text"
               value="Robert"
        >
      </div>
      <div class="optional">
        <div class>
          <label>
            Path
          </label>
          <span class="required-label not-required-text">
          </span>
        </div>
        <span>
        </span>
        <div class="pretty-text-wrapper"
             role="presentation"
        >
          <div class="pretty-text-click-wrapper"
               role="textbox"
               tabindex="0"
          >
            <div class="pretty-text-box placeholder"
                 role="presentation"
                 tabindex="0"
            >
              <div class="internal-text-wrapper">
                <span>
                </span>
              </div>
            </div>
          </div>
          <a class
             href="JavaScript:"
          >
            Insert...
          </a>
        </div>
      </div>
    </fieldset>
  </div>
</div>

`;
