// Jest Snapshot v1, https://goo.gl/fbAQLP

exports[`string field should render correctly 1`] = `

<div class="formatic">
  <div class="optional">
    <div class>
      <span class="required-label not-required-text">
      </span>
    </div>
    <span>
    </span>
    <fieldset class>
      <div class="optional">
        <div class>
          <label for="string-1"
                 id="string-1_label"
          >
            String
          </label>
          <span class="required-label not-required-text">
          </span>
        </div>
        <span>
        </span>
        <textarea class
                  id="string-1"
        >
        </textarea>
      </div>
      <div class="validation-error-required required">
        <div class>
          <label for="string-2"
                 id="string-2_label"
          >
            Note
          </label>
          <span class="required-label required-text">
          </span>
        </div>
        <span>
        </span>
        <textarea class
                  id="string-2"
        >
        </textarea>
      </div>
      <div class="optional">
        <div class>
          <label>
            Groceries
          </label>
          <span class="required-label not-required-text">
          </span>
        </div>
        <span>
        </span>
        <div class="pretty-text-wrapper"
             role="presentation"
        >
          <div class="pretty-text-click-wrapper"
               role="textbox"
               tabindex="0"
          >
            <div class="pretty-text-box placeholder"
                 role="presentation"
                 tabindex="0"
            >
              <div class="internal-text-wrapper">
                <span>
                </span>
              </div>
            </div>
          </div>
          <a class
             href="JavaScript:"
          >
            Insert...
          </a>
        </div>
      </div>
    </fieldset>
  </div>
</div>

`;
